08-24 14:42:38.802 6878-7083/ethz.ch.client D/TIMESTAMP-NOISE: 1472042203140 [36.608829498291016]
08-24 14:42:38.802 6878-7083/ethz.ch.client D/TIMESTAMP-NOISE: 1472042204146 [34.6820182800293]
08-24 14:42:38.802 6878-7083/ethz.ch.client D/TIMESTAMP-NOISE: 1472042205139 [36.90724563598633]
08-24 14:42:38.802 6878-7083/ethz.ch.client D/TIMESTAMP-NOISE: 1472042206145 [36.7503547668457]
08-24 14:42:38.802 6878-7083/ethz.ch.client D/TIMESTAMP-NOISE: 1472042207142 [29.351215362548828]
08-24 14:42:38.802 6878-7083/ethz.ch.client D/TIMESTAMP-NOISE: 1472042208150 [34.404510498046875]
08-24 14:42:38.802 6878-7083/ethz.ch.client D/TIMESTAMP-NOISE: 1472042209146 [31.865970611572266]
08-24 14:42:38.802 6878-7083/ethz.ch.client D/TIMESTAMP-NOISE: 1472042210147 [31.57372283935547]
08-24 14:42:38.802 6878-7083/ethz.ch.client D/TIMESTAMP-NOISE: 1472042211148 [32.303627014160156]
08-24 14:42:38.802 6878-7083/ethz.ch.client D/TIMESTAMP-NOISE: 1472042212155 [31.92597770690918]
08-24 14:42:38.802 6878-7083/ethz.ch.client D/TIMESTAMP-NOISE: 1472042213147 [28.96527862548828]
08-24 14:42:38.802 6878-7083/ethz.ch.client D/TIMESTAMP-NOISE: 1472042214150 [31.53400421142578]
08-24 14:42:38.802 6878-7083/ethz.ch.client D/TIMESTAMP-NOISE: 1472042215153 [36.88615798950195]
08-24 14:42:38.802 6878-7083/ethz.ch.client D/TIMESTAMP-NOISE: 1472042216164 [36.27717971801758]
08-24 14:42:38.802 6878-7083/ethz.ch.client D/TIMESTAMP-NOISE: 1472042217153 [37.32663345336914]
08-24 14:42:38.802 6878-7083/ethz.ch.client D/TIMESTAMP-NOISE: 1472042218153 [35.13837432861328]
08-24 14:42:38.802 6878-7083/ethz.ch.client D/TIMESTAMP-NOISE: 1472042219156 [34.8218994140625]
08-24 14:42:38.802 6878-7083/ethz.ch.client D/TIMESTAMP-NOISE: 1472042220171 [38.44633102416992]
08-24 14:42:38.802 6878-7083/ethz.ch.client D/TIMESTAMP-NOISE: 1472042221166 [34.8253059387207]
08-24 14:42:38.802 6878-7083/ethz.ch.client D/TIMESTAMP-NOISE: 1472042222157 [34.52424240112305]
08-24 14:42:38.803 6878-7083/ethz.ch.client D/TIMESTAMP-NOISE: 1472042223164 [35.97040939331055]
08-24 14:42:38.803 6878-7083/ethz.ch.client D/TIMESTAMP-NOISE: 1472042224194 [28.91640853881836]
08-24 14:42:38.803 6878-7083/ethz.ch.client D/TIMESTAMP-NOISE: 1472042225220 [29.78618049621582]
08-24 14:42:38.803 6878-7083/ethz.ch.client D/TIMESTAMP-NOISE: 1472042226170 [33.8942985534668]
08-24 14:42:38.803 6878-7083/ethz.ch.client D/TIMESTAMP-NOISE: 1472042227166 [27.79478645324707]
08-24 14:42:38.803 6878-7083/ethz.ch.client D/TIMESTAMP-NOISE: 1472042228166 [32.57772445678711]
08-24 14:42:38.803 6878-7083/ethz.ch.client D/TIMESTAMP-NOISE: 1472042229172 [29.542856216430664]
08-24 14:42:38.803 6878-7083/ethz.ch.client D/TIMESTAMP-NOISE: 1472042230167 [32.8281364440918]
08-24 14:42:38.803 6878-7083/ethz.ch.client D/TIMESTAMP-NOISE: 1472042231178 [33.26122283935547]
08-24 14:42:38.803 6878-7083/ethz.ch.client D/TIMESTAMP-NOISE: 1472042232167 [36.38480758666992]
08-24 14:42:38.807 6878-7083/ethz.ch.client D/TIMESTAMP-NOISE: 1472042233169 [37.989959716796875]
08-24 14:42:38.807 6878-7083/ethz.ch.client D/TIMESTAMP-NOISE: 1472042234195 [36.900733947753906]
08-24 14:42:38.807 6878-7083/ethz.ch.client D/TIMESTAMP-NOISE: 1472042235174 [36.90226364135742]
08-24 14:42:38.807 6878-7083/ethz.ch.client D/TIMESTAMP-NOISE: 1472042236196 [29.75133514404297]
08-24 14:42:38.807 6878-7083/ethz.ch.client D/TIMESTAMP-NOISE: 1472042237175 [35.63380432128906]
08-24 14:42:38.807 6878-7083/ethz.ch.client D/TIMESTAMP-NOISE: 1472042238179 [30.024564743041992]
08-24 14:42:38.807 6878-7083/ethz.ch.client D/TIMESTAMP-NOISE: 1472042239190 [31.04488754272461]
08-24 14:42:38.807 6878-7083/ethz.ch.client D/TIMESTAMP-NOISE: 1472042240180 [33.937530517578125]
08-24 14:42:38.807 6878-7083/ethz.ch.client D/TIMESTAMP-NOISE: 1472042241184 [32.74381637573242]
08-24 14:42:38.807 6878-7083/ethz.ch.client D/TIMESTAMP-NOISE: 1472042242191 [28.771059036254883]
08-24 14:42:38.808 6878-7083/ethz.ch.client D/TIMESTAMP-NOISE: 1472042243179 [33.029144287109375]
08-24 14:42:38.808 6878-7083/ethz.ch.client D/TIMESTAMP-NOISE: 1472042244176 [27.556467056274414]
08-24 14:42:38.808 6878-7083/ethz.ch.client D/TIMESTAMP-NOISE: 1472042245197 [29.153379440307617]
08-24 14:42:38.808 6878-7083/ethz.ch.client D/TIMESTAMP-NOISE: 1472042246184 [27.601303100585938]
08-24 14:42:38.808 6878-7083/ethz.ch.client D/TIMESTAMP-NOISE: 1472042247197 [32.6879768371582]
08-24 14:42:38.808 6878-7083/ethz.ch.client D/TIMESTAMP-NOISE: 1472042248213 [32.091556549072266]
08-24 14:42:38.808 6878-7083/ethz.ch.client D/TIMESTAMP-NOISE: 1472042249190 [33.463382720947266]
08-24 14:42:38.808 6878-7083/ethz.ch.client D/TIMESTAMP-NOISE: 1472042250198 [29.331083297729492]
08-24 14:42:38.808 6878-7083/ethz.ch.client D/TIMESTAMP-NOISE: 1472042251196 [37.20315170288086]
08-24 14:42:38.808 6878-7083/ethz.ch.client D/TIMESTAMP-NOISE: 1472042252208 [34.59999084472656]
08-24 14:42:38.808 6878-7083/ethz.ch.client D/TIMESTAMP-NOISE: 1472042253200 [34.720523834228516]
08-24 14:42:38.808 6878-7083/ethz.ch.client D/TIMESTAMP-NOISE: 1472042254203 [30.978450775146484]
08-24 14:42:38.808 6878-7083/ethz.ch.client D/TIMESTAMP-NOISE: 1472042255203 [47.24714660644531]
08-24 14:42:38.808 6878-7083/ethz.ch.client D/TIMESTAMP-NOISE: 1472042256201 [35.97126388549805]
08-24 14:42:38.808 6878-7083/ethz.ch.client D/TIMESTAMP-NOISE: 1472042257225 [29.22786521911621]
08-24 14:42:38.808 6878-7083/ethz.ch.client D/TIMESTAMP-NOISE: 1472042258206 [31.492671966552734]
08-24 14:42:38.808 6878-7083/ethz.ch.client D/TIMESTAMP-NOISE: 1472042259217 [30.10706329345703]
08-24 14:42:38.808 6878-7083/ethz.ch.client D/TIMESTAMP-NOISE: 1472042260217 [28.106218338012695]
08-24 14:42:38.808 6878-7083/ethz.ch.client D/TIMESTAMP-NOISE: 1472042261236 [32.144065856933594]
08-24 14:42:38.808 6878-7083/ethz.ch.client D/TIMESTAMP-NOISE: 1472042262208 [27.625864028930664]
08-24 14:42:38.808 6878-7083/ethz.ch.client D/TIMESTAMP-NOISE: 1472042263212 [31.57584571838379]
08-24 14:42:38.808 6878-7083/ethz.ch.client D/TIMESTAMP-NOISE: 1472042264209 [27.614709854125977]
08-24 14:42:38.808 6878-7083/ethz.ch.client D/TIMESTAMP-NOISE: 1472042265217 [28.665868759155273]
08-24 14:42:38.808 6878-7083/ethz.ch.client D/TIMESTAMP-NOISE: 1472042266212 [29.866657257080078]
08-24 14:42:38.809 6878-7083/ethz.ch.client D/TIMESTAMP-NOISE: 1472042267218 [28.87885093688965]
08-24 14:42:38.809 6878-7083/ethz.ch.client D/TIMESTAMP-NOISE: 1472042268219 [28.929851531982422]
08-24 14:42:38.809 6878-7083/ethz.ch.client D/TIMESTAMP-NOISE: 1472042269214 [29.560720443725586]
08-24 14:42:38.809 6878-7083/ethz.ch.client D/TIMESTAMP-NOISE: 1472042270224 [29.27962875366211]
08-24 14:42:38.809 6878-7083/ethz.ch.client D/TIMESTAMP-NOISE: 1472042271217 [36.39984130859375]
08-24 14:42:38.809 6878-7083/ethz.ch.client D/TIMESTAMP-NOISE: 1472042272224 [40.69123077392578]
08-24 14:42:38.809 6878-7083/ethz.ch.client D/TIMESTAMP-NOISE: 1472042273222 [31.2412052154541]
08-24 14:42:38.809 6878-7083/ethz.ch.client D/TIMESTAMP-NOISE: 1472042274250 [31.213218688964844]
08-24 14:42:38.809 6878-7083/ethz.ch.client D/TIMESTAMP-NOISE: 1472042275220 [34.13314437866211]
08-24 14:42:38.809 6878-7083/ethz.ch.client D/TIMESTAMP-NOISE: 1472042276234 [36.6306037902832]
08-24 14:42:38.809 6878-7083/ethz.ch.client D/TIMESTAMP-NOISE: 1472042277229 [33.4901008605957]
08-24 14:42:38.809 6878-7083/ethz.ch.client D/TIMESTAMP-NOISE: 1472042278254 [31.379796981811523]
08-24 14:42:38.809 6878-7083/ethz.ch.client D/TIMESTAMP-NOISE: 1472042279234 [32.03939437866211]
08-24 14:42:38.809 6878-7083/ethz.ch.client D/TIMESTAMP-NOISE: 1472042280238 [27.403411865234375]
08-24 14:42:38.809 6878-7083/ethz.ch.client D/TIMESTAMP-NOISE: 1472042281252 [31.012487411499023]
08-24 14:42:38.809 6878-7083/ethz.ch.client D/TIMESTAMP-NOISE: 1472042282233 [31.76272201538086]
08-24 14:42:38.809 6878-7083/ethz.ch.client D/TIMESTAMP-NOISE: 1472042283251 [32.57709503173828]
08-24 14:42:38.809 6878-7083/ethz.ch.client D/TIMESTAMP-NOISE: 1472042284237 [33.49180221557617]
08-24 14:42:38.809 6878-7083/ethz.ch.client D/TIMESTAMP-NOISE: 1472042285243 [35.24614715576172]
08-24 14:42:38.809 6878-7083/ethz.ch.client D/TIMESTAMP-NOISE: 1472042286243 [33.0614013671875]
08-24 14:42:38.809 6878-7083/ethz.ch.client D/TIMESTAMP-NOISE: 1472042287239 [36.502357482910156]
08-24 14:42:38.809 6878-7083/ethz.ch.client D/TIMESTAMP-NOISE: 1472042288287 [32.503013610839844]
08-24 14:42:38.809 6878-7083/ethz.ch.client D/TIMESTAMP-NOISE: 1472042289245 [29.246387481689453]
08-24 14:42:38.810 6878-7083/ethz.ch.client D/TIMESTAMP-NOISE: 1472042290244 [33.474761962890625]
08-24 14:42:38.810 6878-7083/ethz.ch.client D/TIMESTAMP-NOISE: 1472042291246 [31.670835494995117]
08-24 14:42:38.810 6878-7083/ethz.ch.client D/TIMESTAMP-NOISE: 1472042292246 [36.01253890991211]
08-24 14:42:38.810 6878-7083/ethz.ch.client D/TIMESTAMP-NOISE: 1472042293275 [38.20598602294922]
08-24 14:42:38.810 6878-7083/ethz.ch.client D/TIMESTAMP-NOISE: 1472042294245 [35.1336784362793]
08-24 14:42:38.810 6878-7083/ethz.ch.client D/TIMESTAMP-NOISE: 1472042295247 [37.544288635253906]
08-24 14:42:38.810 6878-7083/ethz.ch.client D/TIMESTAMP-NOISE: 1472042296250 [34.844749450683594]
08-24 14:42:38.810 6878-7083/ethz.ch.client D/TIMESTAMP-NOISE: 1472042297389 [37.28786849975586]
08-24 14:42:38.810 6878-7083/ethz.ch.client D/TIMESTAMP-NOISE: 1472042298360 [33.51729965209961]
08-24 14:42:38.810 6878-7083/ethz.ch.client D/TIMESTAMP-NOISE: 1472042299366 [35.960166931152344]
08-24 14:42:38.810 6878-7083/ethz.ch.client D/TIMESTAMP-NOISE: 1472042300424 [41.62908935546875]
08-24 14:42:38.810 6878-7083/ethz.ch.client D/TIMESTAMP-NOISE: 1472042301404 [38.89638137817383]
08-24 14:42:38.810 6878-7083/ethz.ch.client D/TIMESTAMP-NOISE: 1472042302425 [41.758426666259766]
08-24 14:42:38.810 6878-7083/ethz.ch.client D/TIMESTAMP-NOISE: 1472042303367 [40.11862564086914]
08-24 14:42:38.810 6878-7083/ethz.ch.client D/TIMESTAMP-NOISE: 1472042304386 [36.13227081298828]
08-24 14:42:38.810 6878-7083/ethz.ch.client D/TIMESTAMP-NOISE: 1472042305367 [42.81199645996094]
08-24 14:42:38.810 6878-7083/ethz.ch.client D/TIMESTAMP-NOISE: 1472042306370 [44.6058349609375]
08-24 14:42:38.810 6878-7083/ethz.ch.client D/TIMESTAMP-NOISE: 1472042307371 [40.65772247314453]
08-24 14:42:38.810 6878-7083/ethz.ch.client D/TIMESTAMP-NOISE: 1472042308389 [31.793134689331055]
08-24 14:42:38.810 6878-7083/ethz.ch.client D/TIMESTAMP-NOISE: 1472042309380 [32.062171936035156]
08-24 14:42:38.810 6878-7083/ethz.ch.client D/TIMESTAMP-NOISE: 1472042310375 [28.00435447692871]
08-24 14:42:38.810 6878-7083/ethz.ch.client D/TIMESTAMP-NOISE: 1472042311388 [31.572307586669922]
08-24 14:42:38.810 6878-7083/ethz.ch.client D/TIMESTAMP-NOISE: 1472042312396 [26.12942886352539]
08-24 14:42:38.811 6878-7083/ethz.ch.client D/TIMESTAMP-NOISE: 1472042313378 [27.549720764160156]
08-24 14:42:38.811 6878-7083/ethz.ch.client D/TIMESTAMP-NOISE: 1472042314390 [27.91962432861328]
08-24 14:42:38.811 6878-7083/ethz.ch.client D/TIMESTAMP-NOISE: 1472042315385 [31.876911163330078]
08-24 14:42:38.811 6878-7083/ethz.ch.client D/TIMESTAMP-NOISE: 1472042316393 [27.22312355041504]
08-24 14:42:38.811 6878-7083/ethz.ch.client D/TIMESTAMP-NOISE: 1472042317386 [26.80692481994629]
08-24 14:42:38.811 6878-7083/ethz.ch.client D/TIMESTAMP-NOISE: 1472042318387 [26.56090545654297]
08-24 14:42:38.811 6878-7083/ethz.ch.client D/TIMESTAMP-NOISE: 1472042319399 [29.131847381591797]
08-24 14:42:38.811 6878-7083/ethz.ch.client D/TIMESTAMP-NOISE: 1472042320382 [27.137454986572266]
08-24 14:42:38.811 6878-7083/ethz.ch.client D/TIMESTAMP-NOISE: 1472042321388 [29.049907684326172]
08-24 14:42:38.811 6878-7083/ethz.ch.client D/TIMESTAMP-NOISE: 1472042322383 [33.07986831665039]
08-24 14:42:38.811 6878-7083/ethz.ch.client D/TIMESTAMP-NOISE: 1472042323393 [28.422142028808594]
08-24 14:42:38.811 6878-7083/ethz.ch.client D/TIMESTAMP-NOISE: 1472042324394 [32.464778900146484]
08-24 14:42:38.811 6878-7083/ethz.ch.client D/TIMESTAMP-NOISE: 1472042325393 [27.850370407104492]
08-24 14:42:38.811 6878-7083/ethz.ch.client D/TIMESTAMP-NOISE: 1472042326402 [28.138858795166016]
08-24 14:42:38.811 6878-7083/ethz.ch.client D/TIMESTAMP-NOISE: 1472042327396 [27.126834869384766]
08-24 14:42:38.811 6878-7083/ethz.ch.client D/TIMESTAMP-NOISE: 1472042328398 [31.21985626220703]
08-24 14:42:38.811 6878-7083/ethz.ch.client D/TIMESTAMP-NOISE: 1472042329398 [30.338546752929688]
08-24 14:42:38.811 6878-7083/ethz.ch.client D/TIMESTAMP-NOISE: 1472042330439 [31.679229736328125]
08-24 14:42:38.811 6878-7083/ethz.ch.client D/TIMESTAMP-NOISE: 1472042331400 [33.195125579833984]
08-24 14:42:38.811 6878-7083/ethz.ch.client D/TIMESTAMP-NOISE: 1472042332408 [31.21174430847168]
08-24 14:42:38.811 6878-7083/ethz.ch.client D/TIMESTAMP-NOISE: 1472042333404 [28.825607299804688]
08-24 14:42:38.811 6878-7083/ethz.ch.client D/TIMESTAMP-NOISE: 1472042334405 [32.04207992553711]
08-24 14:42:38.811 6878-7083/ethz.ch.client D/TIMESTAMP-NOISE: 1472042335437 [29.958337783813477]
08-24 14:42:38.812 6878-7083/ethz.ch.client D/TIMESTAMP-NOISE: 1472042336403 [30.140512466430664]
08-24 14:42:38.812 6878-7083/ethz.ch.client D/TIMESTAMP-NOISE: 1472042337422 [26.918909072875977]
08-24 14:42:38.812 6878-7083/ethz.ch.client D/TIMESTAMP-NOISE: 1472042338452 [28.09671974182129]
08-24 14:42:38.812 6878-7083/ethz.ch.client D/TIMESTAMP-NOISE: 1472042339411 [30.073484420776367]
08-24 14:42:38.812 6878-7083/ethz.ch.client D/TIMESTAMP-NOISE: 1472042340419 [27.445629119873047]
08-24 14:42:38.812 6878-7083/ethz.ch.client D/TIMESTAMP-NOISE: 1472042341413 [34.47066879272461]
08-24 14:42:38.812 6878-7083/ethz.ch.client D/TIMESTAMP-NOISE: 1472042342418 [30.13884162902832]
08-24 14:42:38.812 6878-7083/ethz.ch.client D/TIMESTAMP-NOISE: 1472042343416 [29.39588737487793]
08-24 14:42:38.812 6878-7083/ethz.ch.client D/TIMESTAMP-NOISE: 1472042344418 [28.581390380859375]
08-24 14:42:38.812 6878-7083/ethz.ch.client D/TIMESTAMP-NOISE: 1472042345417 [29.749589920043945]
08-24 14:42:38.812 6878-7083/ethz.ch.client D/TIMESTAMP-NOISE: 1472042346422 [32.561317443847656]
08-24 14:42:38.812 6878-7083/ethz.ch.client D/TIMESTAMP-NOISE: 1472042347433 [32.018577575683594]
08-24 14:42:38.812 6878-7083/ethz.ch.client D/TIMESTAMP-NOISE: 1472042348422 [28.664880752563477]
08-24 14:42:38.812 6878-7083/ethz.ch.client D/TIMESTAMP-NOISE: 1472042349420 [44.23499298095703]
08-24 14:42:38.812 6878-7083/ethz.ch.client D/TIMESTAMP-NOISE: 1472042350422 [45.695186614990234]
08-24 14:42:38.812 6878-7083/ethz.ch.client D/TIMESTAMP-NOISE: 1472042351423 [31.410137176513672]
08-24 14:42:38.812 6878-7083/ethz.ch.client D/TIMESTAMP-NOISE: 1472042352426 [44.115238189697266]
08-24 14:42:38.812 6878-7083/ethz.ch.client D/TIMESTAMP-NOISE: 1472042353424 [41.40406036376953]
08-24 14:42:38.812 6878-7083/ethz.ch.client D/TIMESTAMP-NOISE: 1472042354429 [35.4907341003418]
08-24 14:42:38.812 6878-7083/ethz.ch.client D/TIMESTAMP-NOISE: 1472042355432 [37.03912353515625]
08-24 14:42:38.812 6878-7083/ethz.ch.client D/TIMESTAMP-NOISE: 1472042356433 [35.62226486206055]
08-24 14:42:38.812 6878-7083/ethz.ch.client D/TIMESTAMP-NOISE: 1472042357433 [37.84748077392578]
08-24 14:42:38.812 6878-7083/ethz.ch.client D/TIMESTAMP-NOISE: 1472042358434 [38.7470817565918]
08-24 14:42:38.812 6878-7083/ethz.ch.client D/TIMESTAMP-NOISE: 1472042359445 [37.45953369140625]
08-24 14:42:38.813 6878-7083/ethz.ch.client D/TIMESTAMP-NOISE: 1472042360436 [31.673635482788086]
08-24 14:42:38.813 6878-7083/ethz.ch.client D/TIMESTAMP-NOISE: 1472042361443 [29.80528450012207]
08-24 14:42:38.813 6878-7083/ethz.ch.client D/TIMESTAMP-NOISE: 1472042362435 [33.268211364746094]
08-24 14:42:38.813 6878-7083/ethz.ch.client D/TIMESTAMP-NOISE: 1472042363435 [38.189151763916016]
08-24 14:42:38.813 6878-7083/ethz.ch.client D/TIMESTAMP-NOISE: 1472042364438 [34.95332717895508]
08-24 14:42:38.813 6878-7083/ethz.ch.client D/TIMESTAMP-NOISE: 1472042365438 [31.759258270263672]
08-24 14:42:38.813 6878-7083/ethz.ch.client D/TIMESTAMP-NOISE: 1472042366441 [36.91566467285156]
08-24 14:42:38.813 6878-7083/ethz.ch.client D/TIMESTAMP-NOISE: 1472042367444 [37.7479362487793]
08-24 14:42:38.813 6878-7083/ethz.ch.client D/TIMESTAMP-NOISE: 1472042368445 [35.630252838134766]
08-24 14:42:38.816 6878-7083/ethz.ch.client D/TIMESTAMP-NOISE: 1472042369446 [34.20714569091797]
08-24 14:42:38.816 6878-7083/ethz.ch.client D/TIMESTAMP-NOISE: 1472042370445 [43.996177673339844]
08-24 14:42:38.816 6878-7083/ethz.ch.client D/TIMESTAMP-NOISE: 1472042371447 [42.805397033691406]
08-24 14:42:38.816 6878-7083/ethz.ch.client D/TIMESTAMP-NOISE: 1472042372450 [39.3998908996582]
08-24 14:42:38.816 6878-7083/ethz.ch.client D/TIMESTAMP-NOISE: 1472042373453 [40.97416687011719]
08-24 14:42:38.816 6878-7083/ethz.ch.client D/TIMESTAMP-NOISE: 1472042374484 [38.23002624511719]
08-24 14:42:38.816 6878-7083/ethz.ch.client D/TIMESTAMP-NOISE: 1472042375501 [39.24415588378906]
08-24 14:42:38.816 6878-7083/ethz.ch.client D/TIMESTAMP-NOISE: 1472042376454 [37.21646499633789]
08-24 14:42:38.817 6878-7083/ethz.ch.client D/TIMESTAMP-NOISE: 1472042377488 [37.833377838134766]
08-24 14:42:38.817 6878-7083/ethz.ch.client D/TIMESTAMP-NOISE: 1472042378453 [39.44890213012695]
08-24 14:42:38.817 6878-7083/ethz.ch.client D/TIMESTAMP-NOISE: 1472042379456 [43.069339752197266]
08-24 14:42:38.817 6878-7083/ethz.ch.client D/TIMESTAMP-NOISE: 1472042380456 [44.16071319580078]
08-24 14:42:38.817 6878-7083/ethz.ch.client D/TIMESTAMP-NOISE: 1472042381458 [46.9398078918457]
08-24 14:42:38.817 6878-7083/ethz.ch.client D/TIMESTAMP-NOISE: 1472042382458 [44.81973648071289]
08-24 14:42:38.817 6878-7083/ethz.ch.client D/TIMESTAMP-NOISE: 1472042383462 [35.23454666137695]
08-24 14:42:38.817 6878-7083/ethz.ch.client D/TIMESTAMP-NOISE: 1472042384464 [46.60753631591797]
08-24 14:42:38.817 6878-7083/ethz.ch.client D/TIMESTAMP-NOISE: 1472042385463 [37.06398391723633]
08-24 14:42:38.817 6878-7083/ethz.ch.client D/TIMESTAMP-NOISE: 1472042386465 [34.24260711669922]
08-24 14:42:38.817 6878-7083/ethz.ch.client D/TIMESTAMP-NOISE: 1472042387477 [40.45188903808594]
08-24 14:42:38.817 6878-7083/ethz.ch.client D/TIMESTAMP-NOISE: 1472042388468 [34.26443862915039]
08-24 14:42:38.817 6878-7083/ethz.ch.client D/TIMESTAMP-NOISE: 1472042389470 [38.240543365478516]
08-24 14:42:38.817 6878-7083/ethz.ch.client D/TIMESTAMP-NOISE: 1472042390470 [39.79214096069336]
08-24 14:42:38.817 6878-7083/ethz.ch.client D/TIMESTAMP-NOISE: 1472042391470 [36.15317916870117]
08-24 14:42:38.817 6878-7083/ethz.ch.client D/TIMESTAMP-NOISE: 1472042392484 [39.59654235839844]
08-24 14:42:38.817 6878-7083/ethz.ch.client D/TIMESTAMP-NOISE: 1472042393471 [39.10165786743164]
08-24 14:42:38.817 6878-7083/ethz.ch.client D/TIMESTAMP-NOISE: 1472042394472 [38.19542694091797]
08-24 14:42:38.817 6878-7083/ethz.ch.client D/TIMESTAMP-NOISE: 1472042395475 [48.058406829833984]
08-24 14:42:38.817 6878-7083/ethz.ch.client D/TIMESTAMP-NOISE: 1472042396476 [30.71765899658203]
08-24 14:42:38.817 6878-7083/ethz.ch.client D/TIMESTAMP-NOISE: 1472042397478 [34.16891098022461]
08-24 14:42:38.817 6878-7083/ethz.ch.client D/TIMESTAMP-NOISE: 1472042398483 [49.87397766113281]
08-24 14:42:38.818 6878-7083/ethz.ch.client D/TIMESTAMP-NOISE: 1472042399483 [37.05156326293945]
08-24 14:42:38.818 6878-7083/ethz.ch.client D/TIMESTAMP-NOISE: 1472042400497 [31.770336151123047]
08-24 14:42:38.818 6878-7083/ethz.ch.client D/TIMESTAMP-NOISE: 1472042401482 [39.21044158935547]
08-24 14:42:38.818 6878-7083/ethz.ch.client D/TIMESTAMP-NOISE: 1472042402486 [30.685579299926758]
08-24 14:42:38.818 6878-7083/ethz.ch.client D/TIMESTAMP-NOISE: 1472042403502 [28.162996292114258]
08-24 14:42:38.818 6878-7083/ethz.ch.client D/TIMESTAMP-NOISE: 1472042404487 [33.93159866333008]
08-24 14:42:38.818 6878-7083/ethz.ch.client D/TIMESTAMP-NOISE: 1472042405489 [30.820911407470703]
08-24 14:42:38.818 6878-7083/ethz.ch.client D/TIMESTAMP-NOISE: 1472042406489 [28.83434295654297]
08-24 14:42:38.818 6878-7083/ethz.ch.client D/TIMESTAMP-NOISE: 1472042407489 [30.909210205078125]
08-24 14:42:38.818 6878-7083/ethz.ch.client D/TIMESTAMP-NOISE: 1472042408493 [31.171812057495117]
08-24 14:42:38.818 6878-7083/ethz.ch.client D/TIMESTAMP-NOISE: 1472042409491 [28.819780349731445]
08-24 14:42:38.818 6878-7083/ethz.ch.client D/TIMESTAMP-NOISE: 1472042410509 [33.250728607177734]
08-24 14:42:38.818 6878-7083/ethz.ch.client D/TIMESTAMP-NOISE: 1472042411527 [32.45263671875]
08-24 14:42:38.818 6878-7083/ethz.ch.client D/TIMESTAMP-NOISE: 1472042412493 [28.058618545532227]
08-24 14:42:38.818 6878-7083/ethz.ch.client D/TIMESTAMP-NOISE: 1472042413542 [46.22296142578125]
08-24 14:42:38.818 6878-7083/ethz.ch.client D/TIMESTAMP-NOISE: 1472042414501 [31.804168701171875]
08-24 14:42:38.818 6878-7083/ethz.ch.client D/TIMESTAMP-NOISE: 1472042415516 [38.660823822021484]
08-24 14:42:38.818 6878-7083/ethz.ch.client D/TIMESTAMP-NOISE: 1472042416502 [34.748558044433594]
08-24 14:42:38.818 6878-7083/ethz.ch.client D/TIMESTAMP-NOISE: 1472042417504 [31.77863311767578]
08-24 14:42:38.818 6878-7083/ethz.ch.client D/TIMESTAMP-NOISE: 1472042418519 [24.853397369384766]
08-24 14:42:38.818 6878-7083/ethz.ch.client D/TIMESTAMP-NOISE: 1472042419511 [35.848411560058594]
08-24 14:42:38.818 6878-7083/ethz.ch.client D/TIMESTAMP-NOISE: 1472042420509 [31.88237762451172]
08-24 14:42:38.818 6878-7083/ethz.ch.client D/TIMESTAMP-NOISE: 1472042421510 [39.360713958740234]
08-24 14:42:38.818 6878-7083/ethz.ch.client D/TIMESTAMP-NOISE: 1472042422510 [26.648681640625]
08-24 14:42:38.819 6878-7083/ethz.ch.client D/TIMESTAMP-NOISE: 1472042423526 [38.038841247558594]
08-24 14:42:38.819 6878-7083/ethz.ch.client D/TIMESTAMP-NOISE: 1472042424519 [29.510610580444336]
08-24 14:42:38.819 6878-7083/ethz.ch.client D/TIMESTAMP-NOISE: 1472042425515 [30.454429626464844]
08-24 14:42:38.819 6878-7083/ethz.ch.client D/TIMESTAMP-NOISE: 1472042426515 [33.20685958862305]
08-24 14:42:38.819 6878-7083/ethz.ch.client D/TIMESTAMP-NOISE: 1472042427520 [28.929851531982422]
08-24 14:42:38.819 6878-7083/ethz.ch.client D/TIMESTAMP-NOISE: 1472042428550 [24.323654174804688]
08-24 14:42:38.819 6878-7083/ethz.ch.client D/TIMESTAMP-NOISE: 1472042429529 [30.77060317993164]
08-24 14:42:38.819 6878-7083/ethz.ch.client D/TIMESTAMP-NOISE: 1472042430548 [31.229433059692383]
08-24 14:42:38.819 6878-7083/ethz.ch.client D/TIMESTAMP-NOISE: 1472042431520 [23.782081604003906]
08-24 14:42:38.819 6878-7083/ethz.ch.client D/TIMESTAMP-NOISE: 1472042432523 [31.236791610717773]
08-24 14:42:38.819 6878-7083/ethz.ch.client D/TIMESTAMP-NOISE: 1472042433531 [22.75534439086914]
08-24 14:42:38.819 6878-7083/ethz.ch.client D/TIMESTAMP-NOISE: 1472042434526 [30.883197784423828]
08-24 14:42:38.819 6878-7083/ethz.ch.client D/TIMESTAMP-NOISE: 1472042435541 [30.273035049438477]
08-24 14:42:38.819 6878-7083/ethz.ch.client D/TIMESTAMP-NOISE: 1472042436532 [26.61868667602539]
08-24 14:42:38.819 6878-7083/ethz.ch.client D/TIMESTAMP-NOISE: 1472042437525 [25.44058609008789]
08-24 14:42:38.819 6878-7083/ethz.ch.client D/TIMESTAMP-NOISE: 1472042438537 [36.99715805053711]
08-24 14:42:38.819 6878-7083/ethz.ch.client D/TIMESTAMP-NOISE: 1472042439530 [31.739147186279297]
08-24 14:42:38.819 6878-7083/ethz.ch.client D/TIMESTAMP-NOISE: 1472042440554 [28.6341609954834]
08-24 14:42:38.819 6878-7083/ethz.ch.client D/TIMESTAMP-NOISE: 1472042441540 [26.59612274169922]
08-24 14:42:38.819 6878-7083/ethz.ch.client D/TIMESTAMP-NOISE: 1472042442540 [25.023536682128906]
08-24 14:42:38.819 6878-7083/ethz.ch.client D/TIMESTAMP-NOISE: 1472042443541 [28.628204345703125]
08-24 14:42:38.819 6878-7083/ethz.ch.client D/TIMESTAMP-NOISE: 1472042444534 [30.430246353149414]
08-24 14:42:38.820 6878-7083/ethz.ch.client D/TIMESTAMP-NOISE: 1472042445537 [35.4654541015625]
08-24 14:42:38.820 6878-7083/ethz.ch.client D/TIMESTAMP-NOISE: 1472042446541 [34.28310775756836]
08-24 14:42:38.820 6878-7083/ethz.ch.client D/TIMESTAMP-NOISE: 1472042447571 [27.947601318359375]
08-24 14:42:38.820 6878-7083/ethz.ch.client D/TIMESTAMP-NOISE: 1472042448622 [30.26481056213379]
08-24 14:42:38.820 6878-7083/ethz.ch.client D/TIMESTAMP-NOISE: 1472042449541 [27.120929718017578]
08-24 14:42:38.820 6878-7083/ethz.ch.client D/TIMESTAMP-NOISE: 1472042450558 [26.002683639526367]
08-24 14:42:38.820 6878-7083/ethz.ch.client D/TIMESTAMP-NOISE: 1472042451546 [33.73740768432617]
08-24 14:42:38.820 6878-7083/ethz.ch.client D/TIMESTAMP-NOISE: 1472042452545 [32.7728385925293]
08-24 14:42:38.820 6878-7083/ethz.ch.client D/TIMESTAMP-NOISE: 1472042453547 [27.85580062866211]
08-24 14:42:38.820 6878-7083/ethz.ch.client D/TIMESTAMP-NOISE: 1472042454549 [29.84596061706543]
08-24 14:42:38.820 6878-7083/ethz.ch.client D/TIMESTAMP-NOISE: 1472042455557 [33.897003173828125]
08-24 14:42:38.820 6878-7083/ethz.ch.client D/TIMESTAMP-NOISE: 1472042456554 [27.14217185974121]
08-24 14:42:38.820 6878-7083/ethz.ch.client D/TIMESTAMP-NOISE: 1472042457552 [27.407987594604492]
08-24 14:42:38.820 6878-7083/ethz.ch.client D/TIMESTAMP-NOISE: 1472042458587 [31.65262222290039]
08-24 14:42:38.820 6878-7083/ethz.ch.client D/TIMESTAMP-NOISE: 1472042459565 [37.32481002807617]
08-24 14:42:38.820 6878-7083/ethz.ch.client D/TIMESTAMP-NOISE: 1472042460554 [23.762971878051758]
08-24 14:42:38.820 6878-7083/ethz.ch.client D/TIMESTAMP-NOISE: 1472042461560 [36.116764068603516]
08-24 14:42:38.820 6878-7083/ethz.ch.client D/TIMESTAMP-NOISE: 1472042462562 [36.001068115234375]
08-24 14:42:38.820 6878-7083/ethz.ch.client D/TIMESTAMP-NOISE: 1472042463560 [29.226938247680664]
08-24 14:42:38.820 6878-7083/ethz.ch.client D/TIMESTAMP-NOISE: 1472042464568 [29.47193717956543]
08-24 14:42:38.820 6878-7083/ethz.ch.client D/TIMESTAMP-NOISE: 1472042465559 [36.54478454589844]
08-24 14:42:38.820 6878-7083/ethz.ch.client D/TIMESTAMP-NOISE: 1472042466564 [30.38005256652832]
08-24 14:42:38.820 6878-7083/ethz.ch.client D/TIMESTAMP-NOISE: 1472042467568 [33.70368957519531]
08-24 14:42:38.820 6878-7083/ethz.ch.client D/TIMESTAMP-NOISE: 1472042468565 [32.9140739440918]
08-24 14:42:38.821 6878-7083/ethz.ch.client D/TIMESTAMP-NOISE: 1472042469566 [32.79745864868164]
08-24 14:42:38.821 6878-7083/ethz.ch.client D/TIMESTAMP-NOISE: 1472042470576 [33.428016662597656]
08-24 14:42:38.821 6878-7083/ethz.ch.client D/TIMESTAMP-NOISE: 1472042471607 [29.498037338256836]
08-24 14:42:38.821 6878-7083/ethz.ch.client D/TIMESTAMP-NOISE: 1472042472567 [37.85847091674805]
08-24 14:42:38.821 6878-7083/ethz.ch.client D/TIMESTAMP-NOISE: 1472042473574 [34.23583984375]
08-24 14:42:38.821 6878-7083/ethz.ch.client D/TIMESTAMP-NOISE: 1472042474578 [29.90018653869629]
08-24 14:42:38.821 6878-7083/ethz.ch.client D/TIMESTAMP-NOISE: 1472042475624 [27.230127334594727]
08-24 14:42:38.821 6878-7083/ethz.ch.client D/TIMESTAMP-NOISE: 1472042476589 [34.01641082763672]
08-24 14:42:38.821 6878-7083/ethz.ch.client D/TIMESTAMP-NOISE: 1472042477599 [28.4849796295166]
08-24 14:42:38.821 6878-7083/ethz.ch.client D/TIMESTAMP-NOISE: 1472042478581 [27.941152572631836]
08-24 14:42:38.821 6878-7083/ethz.ch.client D/TIMESTAMP-NOISE: 1472042479600 [32.40324783325195]
08-24 14:42:38.821 6878-7083/ethz.ch.client D/TIMESTAMP-NOISE: 1472042480596 [32.77653503417969]
08-24 14:42:38.821 6878-7083/ethz.ch.client D/TIMESTAMP-NOISE: 1472042481589 [30.84018325805664]
08-24 14:42:38.821 6878-7083/ethz.ch.client D/TIMESTAMP-NOISE: 1472042482586 [35.11722183227539]
08-24 14:42:38.821 6878-7083/ethz.ch.client D/TIMESTAMP-NOISE: 1472042483616 [31.584331512451172]
08-24 14:42:38.821 6878-7083/ethz.ch.client D/TIMESTAMP-NOISE: 1472042484647 [40.033538818359375]
08-24 14:42:38.821 6878-7083/ethz.ch.client D/TIMESTAMP-NOISE: 1472042485662 [30.18380355834961]
08-24 14:42:38.821 6878-7083/ethz.ch.client D/TIMESTAMP-NOISE: 1472042486623 [44.32430648803711]
08-24 14:42:38.821 6878-7083/ethz.ch.client D/TIMESTAMP-NOISE: 1472042487605 [33.80718231201172]
08-24 14:42:38.821 6878-7083/ethz.ch.client D/TIMESTAMP-NOISE: 1472042488597 [29.550899505615234]
08-24 14:42:38.821 6878-7083/ethz.ch.client D/TIMESTAMP-NOISE: 1472042489626 [35.62004470825195]
08-24 14:42:38.821 6878-7083/ethz.ch.client D/TIMESTAMP-NOISE: 1472042490622 [37.894779205322266]
08-24 14:42:38.821 6878-7083/ethz.ch.client D/TIMESTAMP-NOISE: 1472042491599 [32.37296676635742]
08-24 14:42:38.822 6878-7083/ethz.ch.client D/TIMESTAMP-NOISE: 1472042492605 [25.699085235595703]
08-24 14:42:38.822 6878-7083/ethz.ch.client D/TIMESTAMP-NOISE: 1472042493603 [28.112545013427734]
08-24 14:42:38.822 6878-7083/ethz.ch.client D/TIMESTAMP-NOISE: 1472042494604 [32.97751998901367]
08-24 14:42:38.822 6878-7083/ethz.ch.client D/TIMESTAMP-NOISE: 1472042495610 [27.398836135864258]
08-24 14:42:38.822 6878-7083/ethz.ch.client D/TIMESTAMP-NOISE: 1472042496623 [34.4686393737793]
08-24 14:42:38.822 6878-7083/ethz.ch.client D/TIMESTAMP-NOISE: 1472042497611 [32.81649398803711]
08-24 14:42:38.822 6878-7083/ethz.ch.client D/TIMESTAMP-NOISE: 1472042498611 [33.139163970947266]
08-24 14:42:38.822 6878-7083/ethz.ch.client D/TIMESTAMP-NOISE: 1472042499608 [32.217315673828125]
08-24 14:42:38.822 6878-7083/ethz.ch.client D/TIMESTAMP-NOISE: 1472042500621 [38.90977478027344]
08-24 14:42:38.822 6878-7083/ethz.ch.client D/TIMESTAMP-NOISE: 1472042501628 [41.31483459472656]
08-24 14:42:38.822 6878-7083/ethz.ch.client D/TIMESTAMP-NOISE: 1472042502619 [31.584331512451172]
08-24 14:42:38.822 6878-7083/ethz.ch.client D/TIMESTAMP-NOISE: 1472042503620 [27.065216064453125]
08-24 14:42:38.822 6878-7083/ethz.ch.client D/TIMESTAMP-NOISE: 1472042504620 [35.19965744018555]
08-24 14:42:38.822 6878-7083/ethz.ch.client D/TIMESTAMP-NOISE: 1472042505624 [26.498931884765625]
08-24 14:42:38.822 6878-7083/ethz.ch.client D/TIMESTAMP-NOISE: 1472042506620 [28.371131896972656]
08-24 14:42:38.822 6878-7083/ethz.ch.client D/TIMESTAMP-NOISE: 1472042507625 [28.952848434448242]
08-24 14:42:38.822 6878-7083/ethz.ch.client D/TIMESTAMP-NOISE: 1472042508627 [43.0419807434082]
08-24 14:42:38.822 6878-7083/ethz.ch.client D/TIMESTAMP-NOISE: 1472042509652 [42.03929138183594]
08-24 14:42:38.822 6878-7083/ethz.ch.client D/TIMESTAMP-NOISE: 1472042510626 [33.33144760131836]
08-24 14:42:38.822 6878-7083/ethz.ch.client D/TIMESTAMP-NOISE: 1472042511626 [36.94049835205078]
08-24 14:42:38.822 6878-7083/ethz.ch.client D/TIMESTAMP-NOISE: 1472042512654 [35.180057525634766]
08-24 14:42:38.822 6878-7083/ethz.ch.client D/TIMESTAMP-NOISE: 1472042513629 [27.466094970703125]
08-24 14:42:38.822 6878-7083/ethz.ch.client D/TIMESTAMP-NOISE: 1472042514639 [31.826881408691406]
08-24 14:42:38.823 6878-7083/ethz.ch.client D/TIMESTAMP-NOISE: 1472042515631 [39.7604866027832]
08-24 14:42:38.823 6878-7083/ethz.ch.client D/TIMESTAMP-NOISE: 1472042516632 [35.40329360961914]
08-24 14:42:38.823 6878-7083/ethz.ch.client D/TIMESTAMP-NOISE: 1472042517634 [30.97238540649414]
08-24 14:42:38.823 6878-7083/ethz.ch.client D/TIMESTAMP-NOISE: 1472042518644 [31.315153121948242]
08-24 14:42:38.823 6878-7083/ethz.ch.client D/TIMESTAMP-NOISE: 1472042519641 [31.222803115844727]
08-24 14:42:38.823 6878-7083/ethz.ch.client D/TIMESTAMP-NOISE: 1472042520638 [27.47403907775879]
08-24 14:42:38.823 6878-7083/ethz.ch.client D/TIMESTAMP-NOISE: 1472042521684 [26.408340454101563]
08-24 14:42:38.823 6878-7083/ethz.ch.client D/TIMESTAMP-NOISE: 1472042522654 [31.017017364501953]
08-24 14:42:38.823 6878-7083/ethz.ch.client D/TIMESTAMP-NOISE: 1472042523645 [48.358741760253906]
08-24 14:42:38.823 6878-7083/ethz.ch.client D/TIMESTAMP-NOISE: 1472042524647 [29.682104110717773]
08-24 14:42:38.823 6878-7083/ethz.ch.client D/TIMESTAMP-NOISE: 1472042525639 [25.830305099487305]
08-24 14:42:38.823 6878-7083/ethz.ch.client D/TIMESTAMP-NOISE: 1472042526644 [31.609739303588867]
08-24 14:42:38.823 6878-7083/ethz.ch.client D/TIMESTAMP-NOISE: 1472042527656 [41.58115005493164]
08-24 14:42:38.823 6878-7083/ethz.ch.client D/TIMESTAMP-NOISE: 1472042528646 [48.55438232421875]
08-24 14:42:38.823 6878-7083/ethz.ch.client D/TIMESTAMP-NOISE: 1472042529658 [39.90541076660156]
08-24 14:42:38.823 6878-7083/ethz.ch.client D/TIMESTAMP-NOISE: 1472042530650 [38.28542709350586]
08-24 14:42:38.823 6878-7083/ethz.ch.client D/TIMESTAMP-NOISE: 1472042531654 [27.144529342651367]
08-24 14:42:38.823 6878-7083/ethz.ch.client D/TIMESTAMP-NOISE: 1472042532651 [43.05538558959961]
08-24 14:42:38.823 6878-7083/ethz.ch.client D/TIMESTAMP-NOISE: 1472042533656 [38.1841926574707]
08-24 14:42:38.823 6878-7083/ethz.ch.client D/TIMESTAMP-NOISE: 1472042534658 [35.64842224121094]
08-24 14:42:38.823 6878-7083/ethz.ch.client D/TIMESTAMP-NOISE: 1472042535653 [45.47164535522461]
08-24 14:42:38.824 6878-7083/ethz.ch.client D/TIMESTAMP-NOISE: 1472042536653 [33.50880813598633]
08-24 14:42:38.824 6878-7083/ethz.ch.client D/TIMESTAMP-NOISE: 1472042537655 [30.060016632080078]
08-24 14:42:38.824 6878-7083/ethz.ch.client D/TIMESTAMP-NOISE: 1472042538662 [46.33815383911133]
08-24 14:42:38.824 6878-7083/ethz.ch.client D/TIMESTAMP-NOISE: 1472042539668 [39.419986724853516]
08-24 14:42:38.824 6878-7083/ethz.ch.client D/TIMESTAMP-NOISE: 1472042540670 [27.88614845275879]
08-24 14:42:38.824 6878-7083/ethz.ch.client D/TIMESTAMP-NOISE: 1472042541707 [24.259830474853516]
08-24 14:42:38.824 6878-7083/ethz.ch.client D/TIMESTAMP-NOISE: 1472042542661 [39.31119918823242]
08-24 14:42:38.824 6878-7083/ethz.ch.client D/TIMESTAMP-NOISE: 1472042543753 [42.91826629638672]
08-24 14:42:38.824 6878-7083/ethz.ch.client D/TIMESTAMP-NOISE: 1472042544674 [32.21271514892578]
08-24 14:42:38.824 6878-7083/ethz.ch.client D/TIMESTAMP-NOISE: 1472042545675 [28.132549285888672]
08-24 14:42:38.824 6878-7083/ethz.ch.client D/TIMESTAMP-NOISE: 1472042546685 [30.630537033081055]
08-24 14:42:38.824 6878-7083/ethz.ch.client D/TIMESTAMP-NOISE: 1472042547672 [26.31420135498047]
08-24 14:42:38.824 6878-7083/ethz.ch.client D/TIMESTAMP-NOISE: 1472042548675 [38.430599212646484]
08-24 14:42:38.824 6878-7083/ethz.ch.client D/TIMESTAMP-NOISE: 1472042549732 [30.358102798461914]
08-24 14:42:38.824 6878-7083/ethz.ch.client D/TIMESTAMP-NOISE: 1472042550672 [36.77410888671875]
08-24 14:42:38.824 6878-7083/ethz.ch.client D/TIMESTAMP-NOISE: 1472042551677 [33.78581237792969]
08-24 14:42:38.824 6878-7083/ethz.ch.client D/TIMESTAMP-NOISE: 1472042552679 [30.408424377441406]
08-24 14:42:38.824 6878-7083/ethz.ch.client D/TIMESTAMP-NOISE: 1472042553678 [30.771379470825195]
08-24 14:42:38.824 6878-7083/ethz.ch.client D/TIMESTAMP-NOISE: 1472042554676 [24.46276092529297]
08-24 14:42:38.824 6878-7083/ethz.ch.client D/TIMESTAMP-NOISE: 1472042555683 [37.22902297973633]
08-24 14:42:38.824 6878-7083/ethz.ch.client D/NERVOUSNET-BATTERY: battery getReadings start ...
08-24 14:42:38.826 18040-18059/? E/JavaBinder: *** Uncaught remote exception!  (Exceptions are not yet supported across processes.)
                                               java.lang.ClassCastException: java.util.Collections$EmptyList cannot be cast to java.util.ArrayList
                                                   at ch.ethz.coss.nervousnet.vm.storage.SQLHelper.getSensorReadings(SQLHelper.java:301)
                                                   at ch.ethz.coss.nervousnet.vm.NervousnetVM.getReadings(NervousnetVM.java:349)
                                                   at ch.ethz.coss.nervousnet.hub.NervousnetHubApiService$1.getReadings(NervousnetHubApiService.java:71)
                                                   at ch.ethz.coss.nervousnet.lib.NervousnetRemote$Stub.onTransact(NervousnetRemote.java:91)
                                                   at android.os.Binder.execTransact(Binder.java:446)
08-24 14:42:38.827 6878-7083/ethz.ch.client D/NERVOUSNET-BATTERY: battery getReadings stop ...
08-24 14:42:38.827 6878-7083/ethz.ch.client D/KMEANS: Start computing clusters ...
08-24 14:42:38.829 6878-7083/ethz.ch.client D/KMEANS-init-centroids: [137.06057826890293, 26.21116065979004, 1.0]
08-24 14:42:38.829 6878-7083/ethz.ch.client D/KMEANS-init-centroids: [88.26945258692051, 26.21116065979004, 1.0]
08-24 14:42:38.829 6878-7083/ethz.ch.client D/KMEANS-init-centroids: [158.10824110432657, 26.21116065979004, 1.0]
08-24 14:42:38.830 6878-7083/ethz.ch.client D/KMEAN: Cluster diff ... 3.2013389913596626
08-24 14:42:38.830 6878-7083/ethz.ch.client D/KMEAN: Cluster diff ... 0.0
08-24 14:42:38.830 6878-7083/ethz.ch.client D/KMEANS-final-centroids: [137.06057826890293, 26.21116065979004]
08-24 14:42:38.830 6878-7083/ethz.ch.client D/KMEANS-final-centroids: [85.06811359556085, 26.21116065979004]
08-24 14:42:38.830 6878-7083/ethz.ch.client D/KMEANS-final-centroids: [158.10824110432657, 26.21116065979004]
08-24 14:42:38.830 6878-7083/ethz.ch.client D/KMEANS: Computing clusters finished!
08-24 14:42:38.927 318-7123/? D/hardware_info: hw_info_append_hw_type : device_name = handset-mic
08-24 14:42:38.933 6878-7083/ethz.ch.client D/NEW_THREAD: Goes to cluster 1 running:true
08-24 14:42:38.933 6878-7083/ethz.ch.client D/KMEANS: Start computing clusters ...
08-24 14:42:38.933 6878-7083/ethz.ch.client D/KMEANS-init-centroids: [136.0118090117785, 26.21116065979004, 1.0]
08-24 14:42:38.933 6878-7083/ethz.ch.client D/KMEANS-init-centroids: [119.51976873073889, 26.21116065979004, 1.0]
08-24 14:42:38.933 6878-7083/ethz.ch.client D/KMEANS-init-centroids: [164.5431730454677, 26.21116065979004, 1.0]
08-24 14:42:38.933 6878-7083/ethz.ch.client D/KMEAN: Cluster diff ... 37.45759334438955
08-24 14:42:38.934 6878-7083/ethz.ch.client D/KMEAN: Cluster diff ... 6.405092565778645
08-24 14:42:38.934 6878-7083/ethz.ch.client D/KMEAN: Cluster diff ... 0.0
08-24 14:42:38.934 6878-7083/ethz.ch.client D/KMEANS-final-centroids: [130.8640520038068, 26.21116065979004]
08-24 14:42:38.934 6878-7083/ethz.ch.client D/KMEANS-final-centroids: [85.0710750562374, 26.21116065979004]
08-24 14:42:38.934 6878-7083/ethz.ch.client D/KMEANS-final-centroids: [161.32570707489714, 26.21116065979004]
08-24 14:42:38.934 6878-7083/ethz.ch.client D/KMEANS: Computing clusters finished!
08-24 14:42:39.036 6878-7083/ethz.ch.client D/NEW_THREAD: Goes to cluster 1 running:true
08-24 14:42:39.137 6878-7083/ethz.ch.client D/NEW_THREAD: Goes to cluster 1 running:true
08-24 14:42:39.177 1324-1324/? I/MotoNetwCtrlr: onReceive: Received intent=Intent { act=android.net.wifi.RSSI_CHANGED flg=0x4000010 (has extras) } Action=android.net.wifi.RSSI_CHANGED
08-24 14:42:39.177 1324-1324/? I/MotoNetwCtrlr.MotoWifiSignalCtrlr: handleBroadcast: Entered: Intent=Intent { act=android.net.wifi.RSSI_CHANGED flg=0x4000010 (has extras) } Action=android.net.wifi.RSSI_CHANGED
08-24 14:42:39.178 1324-1324/? I/MotoNetwCtrlr.MotorolaWifiSignalController: isDirty: returns false
08-24 14:42:39.178 1324-1324/? I/MotoNetwCtrlr.MotoWifiSignalCtrlr: handleBroadcast: Completed
08-24 14:42:39.178 1324-1324/? I/MotoNetwCtrlr: onReceive: Completed intent=Intent { act=android.net.wifi.RSSI_CHANGED flg=0x4000010 (has extras) } Action=android.net.wifi.RSSI_CHANGED
08-24 14:42:39.238 6878-7083/ethz.ch.client D/NEW_THREAD: Goes to cluster 1 running:true
08-24 14:42:39.340 6878-7083/ethz.ch.client D/NEW_THREAD: Goes to cluster 1 running:true
08-24 14:42:39.441 6878-7083/ethz.ch.client D/NEW_THREAD: Goes to cluster 1 running:true
08-24 14:42:39.543 6878-7083/ethz.ch.client D/NEW_THREAD: Goes to cluster 1 running:true
08-24 14:42:39.582 18040-18107/? E/android.media.AudioRecord: getMinBufferSize(): Invalid audio format.
08-24 14:42:39.583 18040-18107/? E/android.media.AudioRecord: getMinBufferSize(): Invalid audio format.
08-24 14:42:39.597 318-7147/? I/AudioFlinger: AudioFlinger's thread 0xb3c45008 ready to run
08-24 14:42:39.609 318-7147/? V/msm8974_platform: platform_update_usecase_from_source: input source :1
08-24 14:42:39.609 318-7147/? V/msm8974_platform: platform_get_input_snd_device: enter: out_device(0) in_device(0x4)
08-24 14:42:39.609 318-7147/? V/msm8974_platform: platform_get_input_snd_device: exit: in_snd_device(handset-mic)
08-24 14:42:39.609 318-7147/? D/audio_hw_primary: select_devices: out_snd_device(0: ) in_snd_device(31: handset-mic)
08-24 14:42:39.609 318-7147/? D/hardware_info: hw_info_append_hw_type : device_name = handset-mic
08-24 14:42:39.609 318-7147/? V/msm8974_platform: platform_send_audio_calibration: sending audio calibration for snd_device(31) acdb_id(4)
08-24 14:42:39.609 318-7147/? E/ACDB-LOADER: Error: ACDB AudProc vol returned = -19
08-24 14:42:39.644 6878-7083/ethz.ch.client D/NEW_THREAD: Goes to cluster 1 running:true
08-24 14:42:39.746 6878-7083/ethz.ch.client D/NEW_THREAD: Goes to cluster 1 running:true
08-24 14:42:39.800 318-7147/? D/hardware_info: hw_info_append_hw_type : device_name = handset-mic
08-24 14:42:39.847 6878-7083/ethz.ch.client D/NEW_THREAD: Goes to cluster 1 running:true
08-24 14:42:39.949 6878-7083/ethz.ch.client D/NEW_THREAD: Goes to cluster 1 running:true
08-24 14:42:39.977 302-718/? I/SFPerfTracer:      triggers: (rate: 0:0) (24718 sw vsyncs) (0 skipped) (104:103400 vsyncs) (106:314957)
08-24 14:42:40.053 6878-7083/ethz.ch.client D/NEW_THREAD: Goes to cluster 1 running:true
08-24 14:42:40.107 6878-6878/ethz.ch.client D/PERIODICITY: Accepted stop instruction ...
08-24 14:42:40.154 6878-7083/ethz.ch.client D/NEW_THREAD: Goes to cluster 1 running:false
08-24 14:42:40.154 6878-7083/ethz.ch.client D/PERIODICITY: Finished periodic execution!
08-24 14:42:40.574 18040-18193/? E/android.media.AudioRecord: getMinBufferSize(): Invalid audio format.
08-24 14:42:40.574 18040-18193/? E/android.media.AudioRecord: getMinBufferSize(): Invalid audio format.
08-24 14:42:40.577 318-7166/? I/AudioFlinger: AudioFlinger's thread 0xb3c45008 ready to run
08-24 14:42:40.592 318-7166/? V/msm8974_platform: platform_update_usecase_from_source: input source :1
08-24 14:42:40.592 318-7166/? V/msm8974_platform: platform_get_input_snd_device: enter: out_device(0) in_device(0x4)
08-24 14:42:40.592 318-7166/? V/msm8974_platform: platform_get_input_snd_device: exit: in_snd_device(handset-mic)
08-24 14:42:40.592 318-7166/? D/audio_hw_primary: select_devices: out_snd_device(0: ) in_snd_device(31: handset-mic)
08-24 14:42:40.592 318-7166/? D/hardware_info: hw_info_append_hw_type : device_name = handset-mic
08-24 14:42:40.593 318-7166/? V/msm8974_platform: platform_send_audio_calibration: sending audio calibration for snd_device(31) acdb_id(4)
08-24 14:42:40.593 318-7166/? E/ACDB-LOADER: Error: ACDB AudProc vol returned = -19
08-24 14:42:40.789 318-7166/? D/hardware_info: hw_info_append_hw_type : device_name = handset-mic
08-24 14:42:41.576 18040-18138/? E/android.media.AudioRecord: getMinBufferSize(): Invalid audio format.
08-24 14:42:41.576 18040-18138/? E/android.media.AudioRecord: getMinBufferSize(): Invalid audio format.
08-24 14:42:41.578 318-7185/? I/AudioFlinger: AudioFlinger's thread 0xb3c45008 ready to run
08-24 14:42:41.594 318-7185/? V/msm8974_platform: platform_update_usecase_from_source: input source :1
08-24 14:42:41.594 318-7185/? V/msm8974_platform: platform_get_input_snd_device: enter: out_device(0) in_device(0x4)
08-24 14:42:41.594 318-7185/? V/msm8974_platform: platform_get_input_snd_device: exit: in_snd_device(handset-mic)
08-24 14:42:41.594 318-7185/? D/audio_hw_primary: select_devices: out_snd_device(0: ) in_snd_device(31: handset-mic)
08-24 14:42:41.594 318-7185/? D/hardware_info: hw_info_append_hw_type : device_name = handset-mic
08-24 14:42:41.594 318-7185/? V/msm8974_platform: platform_send_audio_calibration: sending audio calibration for snd_device(31) acdb_id(4)
08-24 14:42:41.594 318-7185/? E/ACDB-LOADER: Error: ACDB AudProc vol returned = -19
08-24 14:42:41.785 318-7185/? D/hardware_info: hw_info_append_hw_type : device_name = handset-mic
08-24 14:42:42.195 1324-1324/? I/MotoNetwCtrlr: onReceive: Received intent=Intent { act=android.net.wifi.RSSI_CHANGED flg=0x4000010 (has extras) } Action=android.net.wifi.RSSI_CHANGED
08-24 14:42:42.195 1324-1324/? I/MotoNetwCtrlr.MotoWifiSignalCtrlr: handleBroadcast: Entered: Intent=Intent { act=android.net.wifi.RSSI_CHANGED flg=0x4000010 (has extras) } Action=android.net.wifi.RSSI_CHANGED
08-24 14:42:42.195 1324-1324/? I/MotoNetwCtrlr.MotorolaWifiSignalController: isDirty: returns false
08-24 14:42:42.195 1324-1324/? I/MotoNetwCtrlr.MotoWifiSignalCtrlr: handleBroadcast: Completed
08-24 14:42:42.195 1324-1324/? I/MotoNetwCtrlr: onReceive: Completed intent=Intent { act=android.net.wifi.RSSI_CHANGED flg=0x4000010 (has extras) } Action=android.net.wifi.RSSI_CHANGED
08-24 14:42:42.579 18040-18127/? E/android.media.AudioRecord: getMinBufferSize(): Invalid audio format.
08-24 14:42:42.579 18040-18127/? E/android.media.AudioRecord: getMinBufferSize(): Invalid audio format.
08-24 14:42:42.592 318-7202/? I/AudioFlinger: AudioFlinger's thread 0xb3c45008 ready to run
08-24 14:42:42.607 318-7202/? V/msm8974_platform: platform_update_usecase_from_source: input source :1
08-24 14:42:42.608 318-7202/? V/msm8974_platform: platform_get_input_snd_device: enter: out_device(0) in_device(0x4)
08-24 14:42:42.608 318-7202/? V/msm8974_platform: platform_get_input_snd_device: exit: in_snd_device(handset-mic)
08-24 14:42:42.608 318-7202/? D/audio_hw_primary: select_devices: out_snd_device(0: ) in_snd_device(31: handset-mic)
08-24 14:42:42.608 318-7202/? D/hardware_info: hw_info_append_hw_type : device_name = handset-mic
08-24 14:42:42.608 318-7202/? V/msm8974_platform: platform_send_audio_calibration: sending audio calibration for snd_device(31) acdb_id(4)
08-24 14:42:42.608 318-7202/? E/ACDB-LOADER: Error: ACDB AudProc vol returned = -19
08-24 14:42:42.800 318-7202/? D/hardware_info: hw_info_append_hw_type : device_name = handset-mic
08-24 14:42:43.579 18040-18165/? E/android.media.AudioRecord: getMinBufferSize(): Invalid audio format.
08-24 14:42:43.579 18040-18165/? E/android.media.AudioRecord: getMinBufferSize(): Invalid audio format.
08-24 14:42:43.588 318-7227/? I/AudioFlinger: AudioFlinger's thread 0xb3c45008 ready to run
08-24 14:42:43.602 318-7227/? V/msm8974_platform: platform_update_usecase_from_source: input source :1
08-24 14:42:43.602 318-7227/? V/msm8974_platform: platform_get_input_snd_device: enter: out_device(0) in_device(0x4)
08-24 14:42:43.602 318-7227/? V/msm8974_platform: platform_get_input_snd_device: exit: in_snd_device(handset-mic)
08-24 14:42:43.602 318-7227/? D/audio_hw_primary: select_devices: out_snd_device(0: ) in_snd_device(31: handset-mic)
08-24 14:42:43.602 318-7227/? D/hardware_info: hw_info_append_hw_type : device_name = handset-mic
08-24 14:42:43.602 318-7227/? V/msm8974_platform: platform_send_audio_calibration: sending audio calibration for snd_device(31) acdb_id(4)
08-24 14:42:43.602 318-7227/? E/ACDB-LOADER: Error: ACDB AudProc vol returned = -19
08-24 14:42:43.796 318-7227/? D/hardware_info: hw_info_append_hw_type : device_name = handset-mic
08-24 14:42:44.580 18040-18107/? E/android.media.AudioRecord: getMinBufferSize(): Invalid audio format.
08-24 14:42:44.580 18040-18107/? E/android.media.AudioRecord: getMinBufferSize(): Invalid audio format.
08-24 14:42:44.595 318-7245/? I/AudioFlinger: AudioFlinger's thread 0xb3c45008 ready to run
08-24 14:42:44.607 318-7245/? V/msm8974_platform: platform_update_usecase_from_source: input source :1
08-24 14:42:44.607 318-7245/? V/msm8974_platform: platform_get_input_snd_device: enter: out_device(0) in_device(0x4)
08-24 14:42:44.607 318-7245/? V/msm8974_platform: platform_get_input_snd_device: exit: in_snd_device(handset-mic)
08-24 14:42:44.607 318-7245/? D/audio_hw_primary: select_devices: out_snd_device(0: ) in_snd_device(31: handset-mic)
08-24 14:42:44.607 318-7245/? D/hardware_info: hw_info_append_hw_type : device_name = handset-mic
08-24 14:42:44.607 318-7245/? V/msm8974_platform: platform_send_audio_calibration: sending audio calibration for snd_device(31) acdb_id(4)
08-24 14:42:44.607 318-7245/? E/ACDB-LOADER: Error: ACDB AudProc vol returned = -19
08-24 14:42:44.800 318-7245/? D/hardware_info: hw_info_append_hw_type : device_name = handset-mic
08-24 14:42:45.215 1324-1324/? I/MotoNetwCtrlr: onReceive: Received intent=Intent { act=android.net.wifi.RSSI_CHANGED flg=0x4000010 (has extras) } Action=android.net.wifi.RSSI_CHANGED
08-24 14:42:45.215 1324-1324/? I/MotoNetwCtrlr.MotoWifiSignalCtrlr: handleBroadcast: Entered: Intent=Intent { act=android.net.wifi.RSSI_CHANGED flg=0x4000010 (has extras) } Action=android.net.wifi.RSSI_CHANGED
08-24 14:42:45.215 1324-1324/? I/MotoNetwCtrlr.MotorolaWifiSignalController: isDirty: returns false
08-24 14:42:45.215 1324-1324/? I/MotoNetwCtrlr.MotoWifiSignalCtrlr: handleBroadcast: Completed
08-24 14:42:45.215 1324-1324/? I/MotoNetwCtrlr: onReceive: Completed intent=Intent { act=android.net.wifi.RSSI_CHANGED flg=0x4000010 (has extras) } Action=android.net.wifi.RSSI_CHANGED
08-24 14:42:45.581 18040-18127/? E/android.media.AudioRecord: getMinBufferSize(): Invalid audio format.
08-24 14:42:45.581 18040-18127/? E/android.media.AudioRecord: getMinBufferSize(): Invalid audio format.
08-24 14:42:45.589 318-7257/? I/AudioFlinger: AudioFlinger's thread 0xb3c45008 ready to run
08-24 14:42:45.601 318-7257/? V/msm8974_platform: platform_update_usecase_from_source: input source :1
08-24 14:42:45.601 318-7257/? V/msm8974_platform: platform_get_input_snd_device: enter: out_device(0) in_device(0x4)
08-24 14:42:45.601 318-7257/? V/msm8974_platform: platform_get_input_snd_device: exit: in_snd_device(handset-mic)
08-24 14:42:45.601 318-7257/? D/audio_hw_primary: select_devices: out_snd_device(0: ) in_snd_device(31: handset-mic)
08-24 14:42:45.601 318-7257/? D/hardware_info: hw_info_append_hw_type : device_name = handset-mic
08-24 14:42:45.601 318-7257/? V/msm8974_platform: platform_send_audio_calibration: sending audio calibration for snd_device(31) acdb_id(4)
08-24 14:42:45.601 318-7257/? E/ACDB-LOADER: Error: ACDB AudProc vol returned = -19
08-24 14:42:45.797 318-7257/? D/hardware_info: hw_info_append_hw_type : device_name = handset-mic
08-24 14:42:46.582 18040-18165/? E/android.media.AudioRecord: getMinBufferSize(): Invalid audio format.
08-24 14:42:46.582 18040-18165/? E/android.media.AudioRecord: getMinBufferSize(): Invalid audio format.
08-24 14:42:46.591 318-7274/? I/AudioFlinger: AudioFlinger's thread 0xb3c45008 ready to run
